
https://www.youtube.com/watch?v=N9DwaThhpsg

https://knowledge.udacity.com/questions/711952




[cloudshell-user@ip-10-138-165-117 ~]$ ssh -i "udacity-ec2-recoverability.pem" ec2-user@ec2-52-90-36-237.compute-1.amazonaws.com
[ec2-user@ip-10-1-11-181 ~]$ 

















[cloudshell-user@ip-10-138-165-117 ~]$ ssh -i "udacity-ec2-recoverability.pem" ec2-user@ec2-52-90-36-237.compute-1.amazonaws.com
The authenticity of host 'ec2-52-90-36-237.compute-1.amazonaws.com (52.90.36.237)' can't be established.
ED25519 key fingerprint is SHA256:5I/lxLfRj9N6SqxF5Py34rKfuihVB1cMkyS5G/gZB1Y.
This key is not known by any other names
Are you sure you want to continue connecting (yes/no/[fingerprint])? yes
Warning: Permanently added 'ec2-52-90-36-237.compute-1.amazonaws.com' (ED25519) to the list of known hosts.
   ,     #_
   ~\_  ####_        Amazon Linux 2023
  ~~  \_#####\
  ~~     \###|
  ~~       \#/ ___   https://aws.amazon.com/linux/amazon-linux-2023
   ~~       V~' '->
    ~~~         /
      ~~._.   _/
         _/ _/
       _/m/'
[ec2-user@ip-10-1-11-181 ~]$ mysql -h udacity.cdez9socylxx.us-east-1.rds.amazonaws.com -P 3306 -u admin -p
-bash: mysql: command not found
[ec2-user@ip-10-1-11-181 ~]$ sudo yum -y install mysql
Last metadata expiration check: 1:42:24 ago on Thu Mar 28 10:16:37 2024.
No match for argument: mysql
Error: Unable to find a match: mysql
[ec2-user@ip-10-1-11-181 ~]$ sudo wget https://dev.mysql.com/get/mysql57-community-release-el7-11.noarch.rpm
--2024-03-28 12:00:25--  https://dev.mysql.com/get/mysql57-community-release-el7-11.noarch.rpm
Resolving dev.mysql.com (dev.mysql.com)... 104.70.58.222, 2600:1408:7:1a5::2e31, 2600:1408:7:1a1::2e31
Connecting to dev.mysql.com (dev.mysql.com)|104.70.58.222|:443... connected.
HTTP request sent, awaiting response... 302 Moved Temporarily
Location: https://repo.mysql.com//mysql57-community-release-el7-11.noarch.rpm [following]
--2024-03-28 12:00:25--  https://repo.mysql.com//mysql57-community-release-el7-11.noarch.rpm
Resolving repo.mysql.com (repo.mysql.com)... 23.0.229.9, 2600:1408:7:1bb::1d68, 2600:1408:7:1be::1d68
Connecting to repo.mysql.com (repo.mysql.com)|23.0.229.9|:443... connected.
HTTP request sent, awaiting response... 200 OK
Length: 25680 (25K) [application/x-redhat-package-manager]
Saving to: ‘mysql57-community-release-el7-11.noarch.rpm’

mysql57-community-release-el7-11.noarch.rpm        100%[================================================================================================================>]  25.08K  --.-KB/s    in 0.006s  

2024-03-28 12:00:26 (4.44 MB/s) - ‘mysql57-community-release-el7-11.noarch.rpm’ saved [25680/25680]

[ec2-user@ip-10-1-11-181 ~]$ sudo yum localinstall mysql57-community-release-el7-11.noarch.rpm 
Last metadata expiration check: 1:44:02 ago on Thu Mar 28 10:16:37 2024.
Dependencies resolved.
============================================================================================================================================================================================================
 Package                                                       Architecture                               Version                                    Repository                                        Size
============================================================================================================================================================================================================
Installing:
 mysql57-community-release                                     noarch                                     el7-11                                     @commandline                                      25 k

Transaction Summary
============================================================================================================================================================================================================
Install  1 Package

Total size: 25 k
Installed size: 31 k
Is this ok [y/N]: y
Downloading Packages:
Running transaction check
Transaction check succeeded.
Running transaction test
Transaction test succeeded.
Running transaction
  Preparing        :                                                                                                                                                                                    1/1 
  Installing       : mysql57-community-release-el7-11.noarch                                                                                                                                            1/1 
  Verifying        : mysql57-community-release-el7-11.noarch                                                                                                                                            1/1 

Installed:
  mysql57-community-release-el7-11.noarch                                                                                                                                                                   

Complete!
[ec2-user@ip-10-1-11-181 ~]$ yum install --nogpgcheck 
usage: yum install [-c [config file]] [-q] [-v] [--version] [--installroot [path]] [--nodocs] [--noplugins] [--enableplugin [plugin]] [--disableplugin [plugin]] [--releasever RELEASEVER]
                   [--setopt SETOPTS] [--skip-broken] [-h] [--allowerasing] [-b | --nobest] [-C] [-R [minutes]] [-d [debug level]] [--debugsolver] [--showduplicates] [-e ERRORLEVEL] [--obsoletes]
                   [--rpmverbosity [debug level name]] [-y] [--assumeno] [--enablerepo [repo]] [--disablerepo [repo] | --repo [repo]] [--enable | --disable] [-x [package]] [--disableexcludes [repo]]
                   [--repofrompath [repo,path]] [--noautoremove] [--nogpgcheck] [--color COLOR] [--refresh] [-4] [-6] [--destdir DESTDIR] [--downloadonly] [--comment COMMENT] [--bugfix] [--enhancement]
                   [--newpackage] [--security] [--advisory ADVISORY] [--bz BUGZILLA] [--cve CVES] [--sec-severity {Critical,Important,Moderate,Medium,Low}] [--forcearch ARCH]
                   PACKAGE [PACKAGE ...]
yum install: error: the following arguments are required: PACKAGE
[ec2-user@ip-10-1-11-181 ~]$ sudo yum install mysql-community-server
MySQL Connectors Community                                                                                                                                                  1.5 MB/s |  68 kB     00:00    
MySQL Tools Community                                                                                                                                                        10 MB/s | 1.1 MB     00:00    
MySQL 5.7 Community Server                                                                                                                                                   29 MB/s | 3.1 MB     00:00    
Dependencies resolved.
============================================================================================================================================================================================================
 Package                                              Architecture                         Version                                                    Repository                                       Size
============================================================================================================================================================================================================
Installing:
 mysql-community-server                               x86_64                               5.7.44-1.el7                                               mysql57-community                               184 M
Installing dependencies:
 libxcrypt-compat                                     x86_64                               4.4.33-7.amzn2023                                          amazonlinux                                      92 k
 mysql-community-client                               x86_64                               5.7.44-1.el7                                               mysql57-community                                31 M
 mysql-community-common                               x86_64                               5.7.44-1.el7                                               mysql57-community                               313 k
 mysql-community-libs                                 x86_64                               5.7.44-1.el7                                               mysql57-community                               3.0 M
 ncurses-compat-libs                                  x86_64                               6.2-4.20200222.amzn2023.0.6                                amazonlinux                                     323 k

Transaction Summary
============================================================================================================================================================================================================
Install  6 Packages

Total download size: 219 M
Installed size: 931 M
Is this ok [y/N]: y
Downloading Packages:
(1/6): libxcrypt-compat-4.4.33-7.amzn2023.x86_64.rpm                                                                                                                        1.4 MB/s |  92 kB     00:00    
(2/6): ncurses-compat-libs-6.2-4.20200222.amzn2023.0.6.x86_64.rpm                                                                                                           3.0 MB/s | 323 kB     00:00    
(3/6): mysql-community-common-5.7.44-1.el7.x86_64.rpm                                                                                                                       6.1 MB/s | 313 kB     00:00    
(4/6): mysql-community-libs-5.7.44-1.el7.x86_64.rpm                                                                                                                          18 MB/s | 3.0 MB     00:00    
(5/6): mysql-community-client-5.7.44-1.el7.x86_64.rpm                                                                                                                        24 MB/s |  31 MB     00:01    
(6/6): mysql-community-server-5.7.44-1.el7.x86_64.rpm                                                                                                                        59 MB/s | 184 MB     00:03    
------------------------------------------------------------------------------------------------------------------------------------------------------------------------------------------------------------
Total                                                                                                                                                                        66 MB/s | 219 MB     00:03     
MySQL 5.7 Community Server                                                                                                                                                   27 MB/s |  27 kB     00:00    
Importing GPG key 0x5072E1F5:
 Userid     : "MySQL Release Engineering <mysql-build@oss.oracle.com>"
 Fingerprint: A4A9 4068 76FC BD3C 4567 70C8 8C71 8D3B 5072 E1F5
 From       : /etc/pki/rpm-gpg/RPM-GPG-KEY-mysql
Is this ok [y/N]: y
Key imported successfully
Import of key(s) didn't help, wrong key(s)?
Public key for mysql-community-client-5.7.44-1.el7.x86_64.rpm is not installed. Failing package is: mysql-community-client-5.7.44-1.el7.x86_64
 GPG Keys are configured as: file:///etc/pki/rpm-gpg/RPM-GPG-KEY-mysql
Public key for mysql-community-common-5.7.44-1.el7.x86_64.rpm is not installed. Failing package is: mysql-community-common-5.7.44-1.el7.x86_64
 GPG Keys are configured as: file:///etc/pki/rpm-gpg/RPM-GPG-KEY-mysql
Public key for mysql-community-libs-5.7.44-1.el7.x86_64.rpm is not installed. Failing package is: mysql-community-libs-5.7.44-1.el7.x86_64
 GPG Keys are configured as: file:///etc/pki/rpm-gpg/RPM-GPG-KEY-mysql
Public key for mysql-community-server-5.7.44-1.el7.x86_64.rpm is not installed. Failing package is: mysql-community-server-5.7.44-1.el7.x86_64
 GPG Keys are configured as: file:///etc/pki/rpm-gpg/RPM-GPG-KEY-mysql
The downloaded packages were saved in cache until the next successful transaction.
You can remove cached packages by executing 'yum clean packages'.
Error: GPG check FAILED
[ec2-user@ip-10-1-11-181 ~]$ yum install --nogpgcheck mysql-community-client-5.7.44-1.el7.x86_64
Error: This command has to be run with superuser privileges (under the root user on most systems).
[ec2-user@ip-10-1-11-181 ~]$ sudo yum install --nogpgcheck mysql-community-client-5.7.44-1.el7.x86_64
Last metadata expiration check: 0:00:59 ago on Thu Mar 28 12:01:32 2024.
Dependencies resolved.
============================================================================================================================================================================================================
 Package                                              Architecture                         Version                                                    Repository                                       Size
============================================================================================================================================================================================================
Installing:
 mysql-community-client                               x86_64                               5.7.44-1.el7                                               mysql57-community                                31 M
Installing dependencies:
 mysql-community-common                               x86_64                               5.7.44-1.el7                                               mysql57-community                               313 k
 mysql-community-libs                                 x86_64                               5.7.44-1.el7                                               mysql57-community                               3.0 M
 ncurses-compat-libs                                  x86_64                               6.2-4.20200222.amzn2023.0.6                                amazonlinux                                     323 k

Transaction Summary
============================================================================================================================================================================================================
Install  4 Packages

Total size: 35 M
Installed size: 135 M
Is this ok [y/N]: y
Downloading Packages:
[SKIPPED] ncurses-compat-libs-6.2-4.20200222.amzn2023.0.6.x86_64.rpm: Already downloaded                                                                                                                   
[SKIPPED] mysql-community-client-5.7.44-1.el7.x86_64.rpm: Already downloaded                                                                                                                               
[SKIPPED] mysql-community-common-5.7.44-1.el7.x86_64.rpm: Already downloaded                                                                                                                               
[SKIPPED] mysql-community-libs-5.7.44-1.el7.x86_64.rpm: Already downloaded                                                                                                                                 
Running transaction check
Transaction check succeeded.
Running transaction test
Transaction test succeeded.
Running transaction
  Preparing        :                                                                                                                                                                                    1/1 
  Installing       : mysql-community-common-5.7.44-1.el7.x86_64                                                                                                                                         1/4 
  Installing       : mysql-community-libs-5.7.44-1.el7.x86_64                                                                                                                                           2/4 
  Running scriptlet: mysql-community-libs-5.7.44-1.el7.x86_64                                                                                                                                           2/4 
  Installing       : ncurses-compat-libs-6.2-4.20200222.amzn2023.0.6.x86_64                                                                                                                             3/4 
  Installing       : mysql-community-client-5.7.44-1.el7.x86_64                                                                                                                                         4/4 
  Running scriptlet: mysql-community-client-5.7.44-1.el7.x86_64                                                                                                                                         4/4 
  Verifying        : ncurses-compat-libs-6.2-4.20200222.amzn2023.0.6.x86_64                                                                                                                             1/4 
  Verifying        : mysql-community-client-5.7.44-1.el7.x86_64                                                                                                                                         2/4 
  Verifying        : mysql-community-common-5.7.44-1.el7.x86_64                                                                                                                                         3/4 
  Verifying        : mysql-community-libs-5.7.44-1.el7.x86_64                                                                                                                                           4/4 

Installed:
  mysql-community-client-5.7.44-1.el7.x86_64      mysql-community-common-5.7.44-1.el7.x86_64      mysql-community-libs-5.7.44-1.el7.x86_64      ncurses-compat-libs-6.2-4.20200222.amzn2023.0.6.x86_64     

Complete!
[ec2-user@ip-10-1-11-181 ~]$ systemctl start mysqld.service
Failed to start mysqld.service: Access denied
See system logs and 'systemctl status mysqld.service' for details.
[ec2-user@ip-10-1-11-181 ~]$ sudo systemctl start mysqld.service
Failed to start mysqld.service: Unit mysqld.service not found.
[ec2-user@ip-10-1-11-181 ~]$ mysql -h udacity.cdez9socylxx.us-east-1.rds.amazonaws.com -P 3306 -u admin -p
Enter password: 
Welcome to the MySQL monitor.  Commands end with ; or \g.
Your MySQL connection id is 42
Server version: 8.0.35 Source distribution

Copyright (c) 2000, 2023, Oracle and/or its affiliates.

Oracle is a registered trademark of Oracle Corporation and/or its
affiliates. Other names may be trademarks of their respective
owners.

Type 'help;' or '\h' for help. Type '\c' to clear the current input statement.

mysql> SHOW DATABASES;
+--------------------+
| Database           |
+--------------------+
| information_schema |
| mysql              |
| performance_schema |
| sys                |
+--------------------+
4 rows in set (0.01 sec)

mysql>  CREATE DATABASE menagerie;
Query OK, 1 row affected (0.11 sec)

mysql> USE menagerie;
Database changed
mysql> CREATE TABLE pet (name VARCHAR(20), owner VARCHAR(20), species VARCHAR(20), sex CHAR(1), birth DATE, death DATE);
Query OK, 0 rows affected (0.05 sec)

mysql> SHOW TABLES;
+---------------------+
| Tables_in_menagerie |
+---------------------+
| pet                 |
+---------------------+
1 row in set (0.00 sec)

mysql>  DESCRIBE pet;
+---------+-------------+------+-----+---------+-------+
| Field   | Type        | Null | Key | Default | Extra |
+---------+-------------+------+-----+---------+-------+
| name    | varchar(20) | YES  |     | NULL    |       |
| owner   | varchar(20) | YES  |     | NULL    |       |
| species | varchar(20) | YES  |     | NULL    |       |
| sex     | char(1)     | YES  |     | NULL    |       |
| birth   | date        | YES  |     | NULL    |       |
| death   | date        | YES  |     | NULL    |       |
+---------+-------------+------+-----+---------+-------+
6 rows in set (0.01 sec)

mysql> INSERT INTO pet
    ->      VALUES ('Puffball','Diane','hamster','f','1999-03-30',NULL);
Query OK, 1 row affected (0.01 sec)

mysql>  SELECT * FROM pet;
+----------+-------+---------+------+------------+-------+
| name     | owner | species | sex  | birth      | death |
+----------+-------+---------+------+------------+-------+
| Puffball | Diane | hamster | f    | 1999-03-30 | NULL  |
+----------+-------+---------+------+------------+-------+
1 row in set (0.00 sec)

mysql> select * from pet where name = "Puffball";
+----------+-------+---------+------+------------+-------+
| name     | owner | species | sex  | birth      | death |
+----------+-------+---------+------+------------+-------+
| Puffball | Diane | hamster | f    | 1999-03-30 | NULL  |
+----------+-------+---------+------+------------+-------+
1 row in set (0.00 sec)
